parts: 396
parts-body: 94
parts-body-r06: 17
parts-body-r06-electric-system: 3
parts-body-r10: 26
parts-body-r10-electric-system: 4
parts-body-r13: 16
parts-body-r13-electric-system: 2
parts-body-r15: 21
parts-body-r15-electric-system: 4
parts-body-r15-electric-system: 3
parts-body-r18: 17
parts-body-r18-electric-system: 1
parts-body-r22: 17
parts-body-r22-electric-system: 0
parts-body-r230: 17
parts-body-r32: 19
parts-body-r32-electric-system: 0
parts-body-r57: 12
parts-body-r57-electric-system: 5
parts-body-r82: 5
parts-body-r82-electric-system: 5
parts-chassis: 299
parts-chassis-r10: 61
parts-chassis-r10-filter: 6
parts-chassis-r10-hydraulic-system: 23
parts-chassis-r10-traction: 8
parts-chassis-r10-engine: 15
parts-chassis-r10: 73
parts-chassis-r10-filter: 7
parts-chassis-r10-hydraulic-system: 24
parts-chassis-r10-traction: 8
parts-chassis-r10-electric-system: 24
parts-chassis-r10-engine: 16
parts-chassis-r13: 59
parts-chassis-r13-filter: 8
parts-chassis-r13-hydraulic-system: 19
parts-chassis-r13-traction: 4
parts-chassis-r13-electric-system: 24
parts-chassis-r13-engine: 4
parts-chassis-r15: 54
parts-chassis-r15-filter: 8
parts-chassis-r15-hydraulic-system: 14
parts-chassis-r15-traction: 3
parts-chassis-r15-electric-system: 23
parts-chassis-r15-engine: 3
parts-chassis-r18: 61
parts-chassis-r18-filter: 7
parts-chassis-r18-hydraulic-system: 16
parts-chassis-r18-traction: 6
parts-chassis-r18-electric-system: 23
parts-chassis-r18-engine: 4
parts-chassis-r22: 74
parts-chassis-r22-filter: 10
parts-chassis-r22-hydraulic-system: 17
parts-chassis-r22-traction: 9
parts-chassis-r22-electric-system: 23
parts-chassis-r22-engine: 4
parts-chassis-r230: 7
parts-chassis-r32: 76
parts-chassis-r32-filter: 10
parts-chassis-r32-hydraulic-system: 15
parts-chassis-r32-traction: 8
parts-chassis-r32-electric-system: 23
parts-chassis-r32-engine: 6
parts-chassis-r57: 41
parts-chassis-r57-filter: 1
parts-chassis-r57-hydraulic-system: 19
parts-chassis-r57-traction: 7
parts-chassis-r57-engine: 10
parts-chassis-r82: 0
parts-chassis-r82-filter: 0
parts-chassis-r82-hydraulic-system: 0
parts-chassis-r82-traction: 0
parts-chassis-r82-engine: 0
parts-chassis-rs03: 5
parts-chassis-rs03-hydraulic-system: 2
parts-chassis-rs04: 11
parts-chassis-rs04-hydraulic-system: 1
parts-chassis-rs06: 12
parts-chassis-rs06-hydraulic-system: 2
parts-chassis-rs07: 4
parts-chassis-rs07-hydraulic-system: 2
parts-chassis-rs20: 2
parts-chassis-rs20-hydraulic-system: 2
parts-r10: 0
parts-r10-accessories: 0
parts-r10-canopy: 0
parts-r10-controls: 0
parts-r10-decals: 0
parts-r10-electrical-system: 0
parts-r10-engine: 0
parts-r10-engine-briggs-stratton: 0
parts-r10-engine-kubota: 0
parts-r10-fuel-system: 0
parts-r10-hydraulic-components: 0
parts-r10-hydraulic-cylinders: 0
parts-r10-hydraulic-system: 0
parts-r10-undercarriage: 0
parts-r10-upper-frame: 0
parts-r10-work-equipment: 0
parts-r13: 0
parts-r13-accessories: 0
parts-r13-canopy: 0
parts-r13-controls: 0
parts-r13-decals: 0
parts-r13-electrical-system: 0
parts-r13-engine: 0
parts-r13-engine-kubota: 0
parts-r13-fuel-system: 0
parts-r13-hydraulic-components: 0
parts-r13-hydraulic-cylinders: 0
parts-r13-hydraulic-system: 0
parts-r13-undercarriage: 0
parts-r13-upper-frame: 0
parts-r13-work-equipment: 0
parts-r15: 0
parts-r15-accessories: 0
parts-r15-canopy: 0
parts-r15-controls: 0
parts-r15-decals: 0
parts-r15-electrical-system: 0
parts-r15-engine: 0
parts-r15-engine-kubota: 0
parts-r15-fuel-system: 0
parts-r15-hydraulic-components: 0
parts-r15-hydraulic-cylinders: 0
parts-r15-hydraulic-system: 0
parts-r15-undercarriage: 0
parts-r15-upper-frame: 0
parts-r15-work-equipment: 0
parts-r18: 0
parts-r18-accessories: 0
parts-r18-canopy: 0
parts-r18-controls: 0
parts-r18-decals: 0
parts-r18-electrical-system: 0
parts-r18-engine: 0
parts-r18-engine-kubota: 0
parts-r18-fuel-system: 0
parts-r18-hydraulic-components: 0
parts-r18-hydraulic-cylinders: 0
parts-r18-hydraulic-system: 0
parts-r18-undercarriage: 0
parts-r18-upper-frame: 0
parts-r18-work-equipment: 0
parts-r22: 0
parts-r22-accessories: 0
parts-r22-cab: 0
parts-r22-controls: 0
parts-r22-decals: 0
parts-r22-electrical-system: 0
parts-r22-engine: 0
parts-r22-engine-kubota: 0
parts-r22-fuel-system: 0
parts-r22-hydraulic-components: 0
parts-r22-hydraulic-cylinders: 0
parts-r22-hydraulic-system: 0
parts-r22-undercarriage: 0
parts-r22-upper-frame: 0
parts-r22-work-equipment: 0
parts-r32: 0
parts-r32-accessories: 0
parts-r32-cab: 0
parts-r32-controls: 0
parts-r32-decals: 0
parts-r32-electrical-system: 0
parts-r32-engine: 0
parts-r32-engine-kubota: 0
parts-r32-fuel-system: 0
parts-r32-hydraulic-components: 0
parts-r32-hydraulic-cylinders: 0
parts-r32-hydraulic-system: 0
parts-r32-undercarriage: 0
parts-r32-upper-frame: 0
parts-r32-work-equipment: 0
parts-rs06: 0
parts-rs06-accessories: 0
parts-rs06-armrests-and-handrails: 0
parts-rs06-controls: 0
parts-rs06-decals: 0
parts-rs06-electrical-system: 0
parts-rs06-engine: 0
parts-rs06-fuel-system: 0
parts-rs06-hydraulic-components: 0
parts-rs06-hydraulic-cylinders: 0
parts-rs06-hydraulic-system: 0
parts-rs06-undercarriage: 0
parts-rs06-upper-frame: 0
parts-rs06-work-equipment: 0
products: 396 in 124 s
most shared image hash dcba91d320db20a451efa7c57a4ea972 count 81
done
